// Jest Snapshot v1, https://goo.gl/fbAQLP

exports[`should render LoginPage correctly 1`] = `
ShallowWrapper {
  "length": 1,
  Symbol(enzyme.__root__): [Circular],
  Symbol(enzyme.__unrendered__): <LoginPage />,
  Symbol(enzyme.__renderer__): Object {
    "batchedUpdates": [Function],
    "getNode": [Function],
    "render": [Function],
    "simulateEvent": [Function],
    "unmount": [Function],
  },
  Symbol(enzyme.__node__): Object {
    "instance": null,
    "key": undefined,
    "nodeType": "host",
    "props": Object {
      "children": <div
        className="box-layout__box"
>
        <h1
                className="box-layout__title"
        >
                Boilerplate
        </h1>
        <p>
                TRagline for app
        </p>
        <button
                className="button-layout"
                onClick={undefined}
        >
                Login with Google
        </button>
</div>,
      "className": "box-layout",
    },
    "ref": null,
    "rendered": Object {
      "instance": null,
      "key": undefined,
      "nodeType": "host",
      "props": Object {
        "children": Array [
          <h1
            className="box-layout__title"
>
            Boilerplate
</h1>,
          <p>
            TRagline for app
</p>,
          <button
            className="button-layout"
            onClick={undefined}
>
            Login with Google
</button>,
        ],
        "className": "box-layout__box",
      },
      "ref": null,
      "rendered": Array [
        Object {
          "instance": null,
          "key": undefined,
          "nodeType": "host",
          "props": Object {
            "children": "Boilerplate",
            "className": "box-layout__title",
          },
          "ref": null,
          "rendered": "Boilerplate",
          "type": "h1",
        },
        Object {
          "instance": null,
          "key": undefined,
          "nodeType": "host",
          "props": Object {
            "children": "TRagline for app",
          },
          "ref": null,
          "rendered": "TRagline for app",
          "type": "p",
        },
        Object {
          "instance": null,
          "key": undefined,
          "nodeType": "host",
          "props": Object {
            "children": "Login with Google",
            "className": "button-layout",
            "onClick": undefined,
          },
          "ref": null,
          "rendered": "Login with Google",
          "type": "button",
        },
      ],
      "type": "div",
    },
    "type": "div",
  },
  Symbol(enzyme.__nodes__): Array [
    Object {
      "instance": null,
      "key": undefined,
      "nodeType": "host",
      "props": Object {
        "children": <div
          className="box-layout__box"
>
          <h1
                    className="box-layout__title"
          >
                    Boilerplate
          </h1>
          <p>
                    TRagline for app
          </p>
          <button
                    className="button-layout"
                    onClick={undefined}
          >
                    Login with Google
          </button>
</div>,
        "className": "box-layout",
      },
      "ref": null,
      "rendered": Object {
        "instance": null,
        "key": undefined,
        "nodeType": "host",
        "props": Object {
          "children": Array [
            <h1
              className="box-layout__title"
>
              Boilerplate
</h1>,
            <p>
              TRagline for app
</p>,
            <button
              className="button-layout"
              onClick={undefined}
>
              Login with Google
</button>,
          ],
          "className": "box-layout__box",
        },
        "ref": null,
        "rendered": Array [
          Object {
            "instance": null,
            "key": undefined,
            "nodeType": "host",
            "props": Object {
              "children": "Boilerplate",
              "className": "box-layout__title",
            },
            "ref": null,
            "rendered": "Boilerplate",
            "type": "h1",
          },
          Object {
            "instance": null,
            "key": undefined,
            "nodeType": "host",
            "props": Object {
              "children": "TRagline for app",
            },
            "ref": null,
            "rendered": "TRagline for app",
            "type": "p",
          },
          Object {
            "instance": null,
            "key": undefined,
            "nodeType": "host",
            "props": Object {
              "children": "Login with Google",
              "className": "button-layout",
              "onClick": undefined,
            },
            "ref": null,
            "rendered": "Login with Google",
            "type": "button",
          },
        ],
        "type": "div",
      },
      "type": "div",
    },
  ],
  Symbol(enzyme.__options__): Object {
    "adapter": ReactSixteenAdapter {
      "options": Object {
        "enableComponentDidUpdateOnSetState": true,
      },
    },
  },
}
`;
